
> Configure project :collector
WARNING: C/C++: Platform version 31 is beyond 30, the maximum API level supported by this NDK. Using 30 instead.
C/C++: Platform version 31 is beyond 30, the maximum API level supported by this NDK. Using 30 instead.
WARNING: C/C++: Platform version 31 is beyond 30, the maximum API level supported by this NDK. Using 30 instead.
C/C++: Platform version 31 is beyond 30, the maximum API level supported by this NDK. Using 30 instead.
WARNING: C/C++: Platform version 31 is beyond 30, the maximum API level supported by this NDK. Using 30 instead.
C/C++: Platform version 31 is beyond 30, the maximum API level supported by this NDK. Using 30 instead.
WARNING: C/C++: Platform version 31 is beyond 30, the maximum API level supported by this NDK. Using 30 instead.
C/C++: Platform version 31 is beyond 30, the maximum API level supported by this NDK. Using 30 instead.
WARNING: C/C++: Platform version 31 is beyond 30, the maximum API level supported by this NDK. Using 30 instead.
C/C++: Platform version 31 is beyond 30, the maximum API level supported by this NDK. Using 30 instead.
WARNING: C/C++: Platform version 31 is beyond 30, the maximum API level supported by this NDK. Using 30 instead.
C/C++: Platform version 31 is beyond 30, the maximum API level supported by this NDK. Using 30 instead.
WARNING: C/C++: Platform version 31 is beyond 30, the maximum API level supported by this NDK. Using 30 instead.
C/C++: Platform version 31 is beyond 30, the maximum API level supported by this NDK. Using 30 instead.
WARNING: C/C++: Platform version 31 is beyond 30, the maximum API level supported by this NDK. Using 30 instead.
C/C++: Platform version 31 is beyond 30, the maximum API level supported by this NDK. Using 30 instead.

> Task :app:preBuild UP-TO-DATE
> Task :app:preDebugBuild UP-TO-DATE
> Task :app:mergeDebugNativeDebugMetadata NO-SOURCE
> Task :app:dataBindingMergeDependencyArtifactsDebug UP-TO-DATE
> Task :app:generateDebugResValues UP-TO-DATE
> Task :app:generateDebugResources UP-TO-DATE
> Task :collector:preBuild UP-TO-DATE
> Task :collector:preDebugBuild UP-TO-DATE
> Task :collector:generateDebugResValues UP-TO-DATE
> Task :collector:generateDebugResources UP-TO-DATE
> Task :collector:packageDebugResources UP-TO-DATE
> Task :app:mergeDebugResources UP-TO-DATE
> Task :app:packageDebugResources UP-TO-DATE
> Task :app:parseDebugLocalResources UP-TO-DATE
> Task :collector:parseDebugLocalResources UP-TO-DATE
> Task :collector:generateDebugRFile UP-TO-DATE
> Task :app:dataBindingGenBaseClassesDebug UP-TO-DATE
> Task :collector:writeDebugAarMetadata UP-TO-DATE
> Task :app:checkDebugAarMetadata UP-TO-DATE
> Task :app:mapDebugSourceSetPaths UP-TO-DATE
> Task :app:createDebugCompatibleScreenManifests UP-TO-DATE
> Task :app:extractDeepLinksDebug UP-TO-DATE
> Task :collector:extractDeepLinksDebug UP-TO-DATE
> Task :collector:processDebugManifest UP-TO-DATE
> Task :app:processDebugMainManifest UP-TO-DATE
> Task :app:processDebugManifest UP-TO-DATE
> Task :app:processDebugManifestForPackage UP-TO-DATE
> Task :collector:compileDebugLibraryResources UP-TO-DATE
> Task :app:processDebugResources UP-TO-DATE
> Task :collector:javaPreCompileDebug UP-TO-DATE
> Task :app:javaPreCompileDebug UP-TO-DATE
> Task :app:mergeDebugShaders UP-TO-DATE
> Task :app:compileDebugShaders NO-SOURCE
> Task :app:generateDebugAssets UP-TO-DATE
> Task :collector:mergeDebugShaders UP-TO-DATE
> Task :collector:compileDebugShaders NO-SOURCE
> Task :collector:generateDebugAssets UP-TO-DATE
> Task :collector:packageDebugAssets UP-TO-DATE
> Task :app:mergeDebugAssets UP-TO-DATE
> Task :app:compressDebugAssets UP-TO-DATE
> Task :app:checkDebugDuplicateClasses UP-TO-DATE
> Task :app:desugarDebugFileDependencies UP-TO-DATE
> Task :app:mergeExtDexDebug UP-TO-DATE
> Task :app:mergeDebugJniLibFolders UP-TO-DATE
> Task :collector:configureCMakeDebug[arm64-v8a]

> Task :collector:buildCMakeDebug[arm64-v8a]
C/C++: ninja: Entering directory `D:\Project\kanxue_collect_data\collector\.cxx\Debug\1h176426\arm64-v8a'
C/C++: D:/Project/kanxue_collect_data/collector/src/main/cpp/sensor.cpp:58:37: warning: 'ASensorManager_getInstance' is deprecated [-Wdeprecated-declarations]
C/C++:     ASensorManager *sensorManager = ASensorManager_getInstance();
C/C++:                                     ^
C/C++: D:/ProgramFiles/AndroidSDK/ndk/21.4.7075529/toolchains/llvm/prebuilt/windows-x86_64/sysroot/usr/include\android/sensor.h:557:17: note: 'ASensorManager_getInstance' has been explicitly marked deprecated here
C/C++: __attribute__ ((deprecated)) ASensorManager* ASensorManager_getInstance();
C/C++:                 ^
C/C++: D:/Project/kanxue_collect_data/collector/src/main/cpp/sensor.cpp:290:37: warning: 'ASensorManager_getInstance' is deprecated [-Wdeprecated-declarations]
C/C++:     ASensorManager *sensorManager = ASensorManager_getInstance();
C/C++:                                     ^
C/C++: D:/ProgramFiles/AndroidSDK/ndk/21.4.7075529/toolchains/llvm/prebuilt/windows-x86_64/sysroot/usr/include\android/sensor.h:557:17: note: 'ASensorManager_getInstance' has been explicitly marked deprecated here
C/C++: __attribute__ ((deprecated)) ASensorManager* ASensorManager_getInstance();
C/C++:                 ^
C/C++: 2 warnings generated.

> Task :collector:mergeDebugJniLibFolders UP-TO-DATE
> Task :app:validateSigningDebug UP-TO-DATE
> Task :app:writeDebugAppMetadata UP-TO-DATE
> Task :app:writeDebugSigningConfigVersions UP-TO-DATE
> Task :collector:mergeDebugNativeLibs
> Task :collector:copyDebugJniLibsProjectOnly
> Task :app:mergeDebugNativeLibs
> Task :app:stripDebugDebugSymbols
> Task :collector:compileDebugKotlin
> Task :collector:compileDebugJavaWithJavac UP-TO-DATE
> Task :collector:processDebugJavaRes UP-TO-DATE
> Task :collector:bundleLibRuntimeToDirDebug
> Task :collector:bundleLibCompileToJarDebug
> Task :app:mergeLibDexDebug
> Task :app:compileDebugKotlin
> Task :app:compileDebugJavaWithJavac UP-TO-DATE
> Task :app:processDebugJavaRes UP-TO-DATE
> Task :app:mergeDebugJavaResource UP-TO-DATE
> Task :app:dexBuilderDebug UP-TO-DATE
> Task :app:mergeProjectDexDebug UP-TO-DATE
> Task :app:packageDebug
> Task :app:createDebugApkListingFileRedirect UP-TO-DATE
> Task :app:assembleDebug

Deprecated Gradle features were used in this build, making it incompatible with Gradle 9.0.

You can use '--warning-mode all' to show the individual deprecation warnings and determine if they come from your own scripts or plugins.

For more on this, please refer to https://docs.gradle.org/8.7/userguide/command_line_interface.html#sec:command_line_warnings in the Gradle documentation.

BUILD SUCCESSFUL in 9s
59 actionable tasks: 12 executed, 47 up-to-date
